openapi: "3.0.0"
info:
  version: 1.0.0
  title: Swagger Petstore
  license:
    name: MIT
servers:
  - url: http://petstore.swagger.io/v1
paths:
  /pets:
    get:
      summary: List all pets
      operationId: listPets
      responses:
        '200':
          description: A paged array of pets
          content:
            application/json:    
              schema:
                $ref: "#/components/schemas/Pets"
  /pets2:
    get:
      summary: List all pets
      operationId: listPets2
      responses:
        '200':
          description: A paged array of pets
          content:
            application/json:    
              schema:
                type: object
                additionalProperties:
                  type: object
                  required: 
                    - name
                    - count
                  properties:
                    name: 
                      type: string
                    count: 
                      type: integer
components:
  schemas:
    Pet:
      type: object
      required:
        - id
        - name
      properties:
        id:
          type: integer
          format: int64
        name:
          type: string
        tag:
          type: string
    Pets:
      type: object
      additionalProperties: 
        $ref: '#/components/schemas/Pet'
