openapi: "3.0.0"
info:
  version: 1.0.0
  title: Scarf
  license:
    name: AllRightsReserved
servers:
  - url: https://scarf.sh/api/v1
paths:
  /test:
    get:
      summary: test
      operationId: test
      responses:
        '200':
          description: Successful response
          content:
            application/json:
              schema:
                $ref: "#/components/schemas/Testee"              
components:
  schemas:
    Testee: 
      discriminator:
        propertyName: type
        mapping:
          scarf: "#/components/schemas/Test"
      oneOf: 
        - $ref: "#/components/schemas/Test"

    Enum:
      type: string
      enum:   
        - a
        - b

    Base:
      properties:
        enum: 
          $ref: "#/components/schemas/Enum"

    Test: 
      allOf: 
        - $ref: "#/components/schemas/Base"
        - properties: 
            name: 
              type: string
