openapi: "3.0.0"
info:
  version: 1.0.0
  title: Scarf
  license:
    name: AllRightsReserved
servers:
  - url: https://scarf.sh/api/v1
paths:
  /test:
    get:
      summary: test
      operationId: test
      responses:
        '200':
          description: CSV response without schema
          content:
            application/json: 
              schema:
                description: Undocumented
                type: array
components: {}