openapi: "3.0.0"
info:
  version: 1.0.0
  title: Scarf
  license:
    name: AllRightsReserved
servers:
  - url: https://scarf.sh/api/v1
paths:
  /test/{xx}:
    parameters:
      - name: xx
        required: true
        in: path
        schema: 
          type: string
          x-tie-haskell-type: Scarf.Hashids.Hashid GHC.Types.Int32
    get:
      summary: test
      operationId: test
      responses:
        '200':
          description: Successful response
          content:
            application/json:
              schema:
                $ref: "#/components/schemas/Test"              
    post:
      operationId: test2
      summary: test2
      requestBody:
        x-tie-haskell-request-body-as-stream: true
        description: Some nice request body
        content:
          application/json:
            schema:      # Request body contents
              properties: 
                nise: 
                  type: string
      responses:
        '201':
          description: Successful response

components:
  schemas:
    Test: 
      properties: 
        test1: 
          type: string
          x-tie-haskell-type: Scarf.Hashids.Hashid Int32