Test/Api.hs

{-# LANGUAGE BangPatterns #-}
{-# LANGUAGE DataKinds #-}
{-# LANGUAGE DuplicateRecordFields #-}
{-# LANGUAGE OverloadedStrings #-}
{-# LANGUAGE ScopedTypeVariables #-}
{-# LANGUAGE RankNTypes #-}
{-# LANGUAGE RecordWildCards #-}
module Test.Api where

import qualified Control.Applicative
import qualified Control.Exception
import qualified Control.Monad
import qualified Control.Monad.IO.Class
import qualified Data.Aeson
import qualified Data.Aeson.Encoding
import qualified Data.Aeson.Types
import qualified Data.Attoparsec.ByteString
import qualified Data.ByteString
import qualified Data.ByteString.Builder as Builder
import qualified Data.List
import qualified Data.List.NonEmpty
import qualified Data.Map
import qualified Data.Maybe
import qualified Data.Text
import qualified Data.Time
import qualified Data.Text.Encoding
import qualified GHC.Float
import qualified GHC.Int
import qualified GHC.Records
import qualified GHC.Types
import qualified Network.HTTP.Types
import qualified Network.Wai
import qualified Web.HttpApiData

import Test.Request
import Test.Response



import Test.Schemas.Inline
import Test.Schemas.Package
import Test.Schemas.Packages

import Test.Response.ListPackages
import Test.Response.ListPackages2
import Test.Response.ListPackages3
import Test.Response.ListPackages4
import Test.Response.ListPackages5

data Api m = Api {
    -- | List all packages
    listPackages ::
        m ListPackagesResponse,
    -- | List all packages
    listPackages2 ::
        m ListPackages2Response,
    -- | List all packages
    listPackages3 ::
        m ListPackages3Response,
    -- | List all packages
    listPackages4 ::
        -- @id@
        Data.List.NonEmpty.NonEmpty ( Data.Text.Text ) ->
        m ListPackages4Response,
    -- | List all packages
    listPackages5 ::
        -- @id@
        Data.List.NonEmpty.NonEmpty ( Data.Text.Text ) ->
        m ListPackages5Response
}

application :: (Control.Monad.IO.Class.MonadIO m) => (forall a . Network.Wai.Request -> m a -> IO a) -> Api m -> Network.Wai.Application -> Network.Wai.Application
application run api notFound request respond =
    case Network.Wai.pathInfo request of
        ["packages"] ->
            case Network.Wai.requestMethod request of
                "GET" ->
                    run request (do
                        response <- listPackages api
                        Control.Monad.IO.Class.liftIO (respond $! (toResponse response))
                    )
                x ->
                    unsupportedMethod x

        ["packages2"] ->
            case Network.Wai.requestMethod request of
                "GET" ->
                    run request (do
                        response <- listPackages2 api
                        Control.Monad.IO.Class.liftIO (respond $! (toResponse response))
                    )
                x ->
                    unsupportedMethod x

        ["packages3"] ->
            case Network.Wai.requestMethod request of
                "GET" ->
                    run request (do
                        response <- listPackages3 api
                        Control.Monad.IO.Class.liftIO (respond $! (toResponse response))
                    )
                x ->
                    unsupportedMethod x

        ["packages4"] ->
            case Network.Wai.requestMethod request of
                "GET" ->
                    requiredQueryParameters CommaDelimitedStyle "id" (\__id request respond ->
                        run request (do
                            response <- listPackages4 api __id
                            Control.Monad.IO.Class.liftIO (respond $! (toResponse response))
                        )) request respond
                x ->
                    unsupportedMethod x

        ["packages5"] ->
            case Network.Wai.requestMethod request of
                "GET" ->
                    requiredQueryParameters FormStyle "id" (\__id request respond ->
                        run request (do
                            response <- listPackages5 api __id
                            Control.Monad.IO.Class.liftIO (respond $! (toResponse response))
                        )) request respond
                x ->
                    unsupportedMethod x

        _ ->
            notFound request respond
    where
        unsupportedMethod _ =
            respond (Network.Wai.responseBuilder Network.HTTP.Types.status405 [] mempty)
{-# INLINABLE application #-}
---------------------
Test/Request.hs

{-# LANGUAGE OverloadedStrings #-}

module Test.Request
  ( -- * Parameters
    Style (..),
    pathVariable,
    requiredQueryParameter,
    requiredQueryParameters,
    optionalQueryParameter,
    optionalQueryParameters,
    requiredHeader,
    optionalHeader,

    -- * Request body
    parseRequestBody,
    jsonBodyParser,
    formBodyParser,
  )
where

import qualified Data.Aeson
import qualified Data.Aeson.Types
import Data.Attoparsec.ByteString (eitherResult, parseWith)
import Data.ByteString (ByteString)
import qualified Data.ByteString as ByteString
import qualified Data.ByteString.Lazy as LBS
import Data.Coerce (coerce)
import qualified Data.HashMap.Strict as HashMap
import qualified Data.List as List
import qualified Data.List.NonEmpty as NonEmpty
import Data.Maybe (fromMaybe)
import Data.Text (Text)
import qualified Data.Text as Text
import qualified Data.Text.Encoding as Text
import qualified Network.HTTP.Media
import Network.HTTP.Types (HeaderName, hContentType)
import qualified Network.Wai as Wai
import System.IO.Unsafe (unsafeInterleaveIO)
import Web.FormUrlEncoded
  ( FromForm,
    parseAll,
    urlDecodeAsForm,
    urlDecodeForm,
  )
import Web.HttpApiData
  ( FromHttpApiData,
    parseHeader,
    parseQueryParam,
    parseUrlPiece,
    parseUrlPieces,
  )

pathVariable ::
  (FromHttpApiData a) =>
  -- | Path variable value
  Text ->
  (a -> Wai.Application) ->
  Wai.Application
pathVariable value withVariable = \request respond ->
  case parseUrlPiece value of
    Left _err ->
      respond (Wai.responseBuilder (toEnum 400) [] mempty)
    Right x ->
      withVariable x request respond
{-# INLINEABLE pathVariable #-}

data Style
  = FormStyle
  | CommaDelimitedStyle
  | SpaceDelimitedStyle
  | PipeDelimitedStyle

newtype CommaDelimitedValue a = CommaDelimitedValue {unCommaDelimitedValue :: [a]}

instance (FromHttpApiData a) => FromHttpApiData (CommaDelimitedValue a) where
  parseUrlPiece input = do
    xs <- parseUrlPieces (Text.splitOn "," input)
    pure (CommaDelimitedValue xs)

newtype SpaceDelimitedValue a = SpaceDelimitedValue {unSpaceDelimitedValue :: [a]}

instance (FromHttpApiData a) => FromHttpApiData (SpaceDelimitedValue a) where
  parseUrlPiece input = do
    xs <- parseUrlPieces (Text.splitOn " " input)
    pure (SpaceDelimitedValue xs)

newtype PipeDelimitedValue a = PipeDelimitedValue {unPipeDelimitedValue :: [a]}

instance (FromHttpApiData a) => FromHttpApiData (PipeDelimitedValue a) where
  parseUrlPiece input = do
    xs <- parseUrlPieces (Text.splitOn "|" input)
    pure (PipeDelimitedValue xs)

requiredQueryParameters ::
  (FromHttpApiData a) =>
  Style ->
  ByteString ->
  (NonEmpty.NonEmpty a -> Wai.Application) ->
  Wai.Application
requiredQueryParameters style name withParam =
  case style of
    FormStyle -> \request respond ->
      case urlDecodeForm (LBS.fromStrict (ByteString.drop 1 (Wai.rawQueryString request))) of
        Left error ->
          respond (Wai.responseBuilder (toEnum 400) [] mempty)
        Right form ->
          case parseAll (Text.decodeUtf8 name) form of
            Left _ ->
              respond (Wai.responseBuilder (toEnum 400) [] mempty)
            Right [] ->
              respond (Wai.responseBuilder (toEnum 400) [] mempty)
            Right (x : xs) ->
              withParam (x NonEmpty.:| xs) request respond
    SpaceDelimitedStyle ->
      requiredQueryParameter
        name
        ( \xs -> \request respond ->
            case NonEmpty.nonEmpty (unSpaceDelimitedValue xs) of
              Nothing ->
                respond (Wai.responseBuilder (toEnum 400) [] mempty)
              Just xs ->
                withParam xs request respond
        )
    PipeDelimitedStyle ->
      requiredQueryParameter
        name
        ( \xs -> \request respond ->
            case NonEmpty.nonEmpty (unPipeDelimitedValue xs) of
              Nothing ->
                respond (Wai.responseBuilder (toEnum 400) [] mempty)
              Just xs ->
                withParam xs request respond
        )
    CommaDelimitedStyle ->
      requiredQueryParameter
        name
        ( \xs -> \request respond ->
            case NonEmpty.nonEmpty (unCommaDelimitedValue xs) of
              Nothing ->
                respond (Wai.responseBuilder (toEnum 400) [] mempty)
              Just xs ->
                withParam xs request respond
        )

optionalQueryParameters ::
  (FromHttpApiData a) =>
  Style ->
  ByteString ->
  (Maybe (NonEmpty.NonEmpty a) -> Wai.Application) ->
  Wai.Application
optionalQueryParameters style name withParam =
  case style of
    FormStyle -> \request respond ->
      case urlDecodeForm (LBS.fromStrict (ByteString.drop 1 (Wai.rawQueryString request))) of
        Left error ->
          respond (Wai.responseBuilder (toEnum 400) [] mempty)
        Right form ->
          case parseAll (Text.decodeUtf8 name) form of
            Left _ ->
              respond (Wai.responseBuilder (toEnum 400) [] mempty)
            Right [] ->
              withParam Nothing request respond
            Right (x : xs) ->
              withParam (Just (x NonEmpty.:| xs)) request respond
    SpaceDelimitedStyle ->
      optionalQueryParameter
        name
        False
        ( \xs ->
            withParam (xs >>= NonEmpty.nonEmpty . unSpaceDelimitedValue)
        )
    PipeDelimitedStyle ->
      optionalQueryParameter
        name
        False
        ( \xs ->
            withParam (xs >>= NonEmpty.nonEmpty . unPipeDelimitedValue)
        )
    CommaDelimitedStyle ->
      optionalQueryParameter
        name
        False
        ( \xs ->
            withParam (xs >>= NonEmpty.nonEmpty . unCommaDelimitedValue)
        )

requiredQueryParameter ::
  (FromHttpApiData a) =>
  ByteString ->
  (a -> Wai.Application) ->
  Wai.Application
requiredQueryParameter name withParam = \request respond ->
  case List.lookup name (Wai.queryString request) of
    Nothing ->
      respond (Wai.responseBuilder (toEnum 400) [] ("Missing query parameter: " <> Builder.byteString name))
    Just Nothing ->
      respond (Wai.responseBuilder (toEnum 400) [] ("Missing query parameter: " <> Builder.byteString name))
    Just (Just value) ->
      case parseQueryParam (Text.decodeUtf8 value) of
        Left _err ->
          respond (Wai.responseBuilder (toEnum 400) [] ("Unable to recognize query parameter: " <> Builder.byteString name))
        Right x ->
          withParam x request respond
{-# INLINEABLE requiredQueryParameter #-}

optionalQueryParameter ::
  (FromHttpApiData a) =>
  ByteString ->
  -- | Allow empty, e.g. "x="
  Bool ->
  (Maybe a -> Wai.Application) ->
  Wai.Application
optionalQueryParameter name allowEmpty withParam = \request respond ->
  case List.lookup name (Wai.queryString request) of
    Nothing ->
      withParam Nothing request respond
    Just Nothing
      | allowEmpty ->
          withParam Nothing request respond
      | otherwise ->
          respond (Wai.responseBuilder (toEnum 400) [] ("Missing query parameter: " <> Builder.byteString name))
    Just (Just value) ->
      case parseQueryParam (Text.decodeUtf8 value) of
        Left _err ->
          respond (Wai.responseBuilder (toEnum 400) [] ("Unable to recognize query parameter: " <> Builder.byteString name))
        Right x ->
          withParam (Just x) request respond
{-# INLINEABLE optionalQueryParameter #-}

optionalHeader ::
  (FromHttpApiData a) =>
  HeaderName ->
  (Maybe a -> Wai.Application) ->
  Wai.Application
optionalHeader name withHeader = \request respond ->
  case List.lookup name (Wai.requestHeaders request) of
    Nothing ->
      withHeader Nothing request respond
    Just value ->
      case parseHeader value of
        Left _err ->
          respond (Wai.responseBuilder (toEnum 400) [] mempty)
        Right x ->
          withHeader (Just x) request respond
{-# INLINEABLE optionalHeader #-}

requiredHeader ::
  (FromHttpApiData a) =>
  HeaderName ->
  (a -> Wai.Application) ->
  Wai.Application
requiredHeader name withHeader = \request respond ->
  case List.lookup name (Wai.requestHeaders request) of
    Nothing ->
      respond (Wai.responseBuilder (toEnum 400) [] mempty)
    Just value ->
      case parseHeader value of
        Left _err ->
          respond (Wai.responseBuilder (toEnum 400) [] mempty)
        Right x ->
          withHeader x request respond
{-# INLINEABLE requiredHeader #-}

data BodyParser a
  = BodyParser
      Network.HTTP.Media.MediaType
      ((a -> Wai.Application) -> Wai.Application)

jsonBodyParser :: (Data.Aeson.FromJSON a) => BodyParser a
jsonBodyParser = BodyParser "application/json" parseRequestBodyJSON
{-# INLINE jsonBodyParser #-}

formBodyParser :: (FromForm a) => BodyParser a
formBodyParser = BodyParser "application/xxx-form-urlencoded" parseRequestBodyForm
{-# INLINE formBodyParser #-}

parseRequestBody :: [BodyParser a] -> (a -> Wai.Application) -> Wai.Application
parseRequestBody parsers withBody = \request respond -> do
  let contentType =
        fromMaybe
          "application/octet-stream"
          (List.lookup hContentType (Wai.requestHeaders request))

      bodyParser =
        Network.HTTP.Media.mapAccept
          [(mediaType, parser) | BodyParser mediaType parser <- parsers]
          contentType

  case bodyParser of
    Just parseBody ->
      parseBody withBody request respond
    Nothing ->
      respond (Wai.responseBuilder (toEnum 415) [] mempty)
{-# INLINE parseRequestBody #-}

parseRequestBodyJSON :: (Data.Aeson.FromJSON a) => (a -> Wai.Application) -> Wai.Application
parseRequestBodyJSON withBody = \request respond -> do
  body <- Wai.lazyRequestBody request
  case Data.Aeson.decode' body of
    Nothing ->
      respond (Wai.responseBuilder (toEnum 400) [] mempty)
    Just body ->
      withBody body request respond
{-# INLINEABLE parseRequestBodyJSON #-}

parseRequestBodyForm :: (FromForm a) => (a -> Wai.Application) -> Wai.Application
parseRequestBodyForm withBody = \request respond -> do
  body <- Wai.lazyRequestBody request
  case urlDecodeAsForm body of
    Left _err ->
      respond (Wai.responseBuilder (toEnum 400) [] mempty)
    Right form ->
      withBody form request respond
{-# INLINEABLE parseRequestBodyForm #-}

---------------------
Test/Response.hs

module Test.Response
  ( ToResponse (..),

    -- * NDJSON support
    NDJSON,
    responseNDJSON,
  )
where

import qualified Data.Aeson
import qualified Data.Aeson.Encoding
import qualified Data.ByteString.Builder
import qualified Network.HTTP.Types
import qualified Network.Wai

type NDJSON element = ((element -> IO ()) -> IO () -> IO ())

responseNDJSON :: (Data.Aeson.ToJSON element) => Network.HTTP.Types.Status -> Network.HTTP.Types.ResponseHeaders -> NDJSON element -> Network.Wai.Response
responseNDJSON status responseHeaders stream =
  Network.Wai.responseStream status responseHeaders $ \emit flush ->
    stream
      ( \element ->
          emit
            ( Data.Aeson.Encoding.fromEncoding (Data.Aeson.toEncoding element)
                <> Data.ByteString.Builder.char7 '\n'
            )
      )
      flush

class ToResponse a where
  toResponse :: a -> Network.Wai.Response

---------------------
Test/Response/ListPackages.hs

{-# LANGUAGE BangPatterns #-}
{-# LANGUAGE DataKinds #-}
{-# LANGUAGE DuplicateRecordFields #-}
{-# LANGUAGE OverloadedStrings #-}
{-# LANGUAGE ScopedTypeVariables #-}
{-# LANGUAGE RankNTypes #-}
{-# LANGUAGE RecordWildCards #-}
module Test.Response.ListPackages where

import qualified Control.Applicative
import qualified Control.Exception
import qualified Control.Monad
import qualified Control.Monad.IO.Class
import qualified Data.Aeson
import qualified Data.Aeson.Encoding
import qualified Data.Aeson.Types
import qualified Data.Attoparsec.ByteString
import qualified Data.ByteString
import qualified Data.List
import qualified Data.List.NonEmpty
import qualified Data.Map
import qualified Data.Maybe
import qualified Data.Text
import qualified Data.Time
import qualified Data.Text.Encoding
import qualified GHC.Float
import qualified GHC.Int
import qualified GHC.Records
import qualified GHC.Types
import qualified Network.HTTP.Types
import qualified Network.Wai
import qualified Web.HttpApiData

import Test.Schemas.Packages

import Test.Response

data ListPackagesResponse
    = ListPackagesResponse200 Packages
    deriving (Show)

instance ToResponse ListPackagesResponse where
    toResponse (ListPackagesResponse200 x) =
        Network.Wai.responseBuilder Network.HTTP.Types.status200 ([(Network.HTTP.Types.hContentType, "application/json")]) (Data.Aeson.fromEncoding (Data.Aeson.toEncoding x))

instance GHC.Records.HasField "status" ListPackagesResponse Network.HTTP.Types.Status where
    getField (ListPackagesResponse200 {}) = Network.HTTP.Types.status200
---------------------
Test/Response/ListPackages2.hs

{-# LANGUAGE BangPatterns #-}
{-# LANGUAGE DataKinds #-}
{-# LANGUAGE DuplicateRecordFields #-}
{-# LANGUAGE OverloadedStrings #-}
{-# LANGUAGE ScopedTypeVariables #-}
{-# LANGUAGE RankNTypes #-}
{-# LANGUAGE RecordWildCards #-}
module Test.Response.ListPackages2 where

import qualified Control.Applicative
import qualified Control.Exception
import qualified Control.Monad
import qualified Control.Monad.IO.Class
import qualified Data.Aeson
import qualified Data.Aeson.Encoding
import qualified Data.Aeson.Types
import qualified Data.Attoparsec.ByteString
import qualified Data.ByteString
import qualified Data.List
import qualified Data.List.NonEmpty
import qualified Data.Map
import qualified Data.Maybe
import qualified Data.Text
import qualified Data.Time
import qualified Data.Text.Encoding
import qualified GHC.Float
import qualified GHC.Int
import qualified GHC.Records
import qualified GHC.Types
import qualified Network.HTTP.Types
import qualified Network.Wai
import qualified Web.HttpApiData

import Test.Schemas.Package

import Test.Response

data ListPackages2Response
    = ListPackages2Response200 [ Package ]
    deriving (Show)

instance ToResponse ListPackages2Response where
    toResponse (ListPackages2Response200 x) =
        Network.Wai.responseBuilder Network.HTTP.Types.status200 ([(Network.HTTP.Types.hContentType, "application/json")]) (Data.Aeson.fromEncoding (Data.Aeson.toEncoding x))

instance GHC.Records.HasField "status" ListPackages2Response Network.HTTP.Types.Status where
    getField (ListPackages2Response200 {}) = Network.HTTP.Types.status200
---------------------
Test/Response/ListPackages3.hs

{-# LANGUAGE BangPatterns #-}
{-# LANGUAGE DataKinds #-}
{-# LANGUAGE DuplicateRecordFields #-}
{-# LANGUAGE OverloadedStrings #-}
{-# LANGUAGE ScopedTypeVariables #-}
{-# LANGUAGE RankNTypes #-}
{-# LANGUAGE RecordWildCards #-}
module Test.Response.ListPackages3 where

import qualified Control.Applicative
import qualified Control.Exception
import qualified Control.Monad
import qualified Control.Monad.IO.Class
import qualified Data.Aeson
import qualified Data.Aeson.Encoding
import qualified Data.Aeson.Types
import qualified Data.Attoparsec.ByteString
import qualified Data.ByteString
import qualified Data.List
import qualified Data.List.NonEmpty
import qualified Data.Map
import qualified Data.Maybe
import qualified Data.Text
import qualified Data.Time
import qualified Data.Text.Encoding
import qualified GHC.Float
import qualified GHC.Int
import qualified GHC.Records
import qualified GHC.Types
import qualified Network.HTTP.Types
import qualified Network.Wai
import qualified Web.HttpApiData

import Test.Schemas.Inline

import Test.Response

data ListPackages3Response
    = ListPackages3Response200 [ Inline ]
    deriving (Show)

instance ToResponse ListPackages3Response where
    toResponse (ListPackages3Response200 x) =
        Network.Wai.responseBuilder Network.HTTP.Types.status200 ([(Network.HTTP.Types.hContentType, "application/json")]) (Data.Aeson.fromEncoding (Data.Aeson.toEncoding x))

instance GHC.Records.HasField "status" ListPackages3Response Network.HTTP.Types.Status where
    getField (ListPackages3Response200 {}) = Network.HTTP.Types.status200
---------------------
Test/Response/ListPackages4.hs

{-# LANGUAGE BangPatterns #-}
{-# LANGUAGE DataKinds #-}
{-# LANGUAGE DuplicateRecordFields #-}
{-# LANGUAGE OverloadedStrings #-}
{-# LANGUAGE ScopedTypeVariables #-}
{-# LANGUAGE RankNTypes #-}
{-# LANGUAGE RecordWildCards #-}
module Test.Response.ListPackages4 where

import qualified Control.Applicative
import qualified Control.Exception
import qualified Control.Monad
import qualified Control.Monad.IO.Class
import qualified Data.Aeson
import qualified Data.Aeson.Encoding
import qualified Data.Aeson.Types
import qualified Data.Attoparsec.ByteString
import qualified Data.ByteString
import qualified Data.List
import qualified Data.List.NonEmpty
import qualified Data.Map
import qualified Data.Maybe
import qualified Data.Text
import qualified Data.Time
import qualified Data.Text.Encoding
import qualified GHC.Float
import qualified GHC.Int
import qualified GHC.Records
import qualified GHC.Types
import qualified Network.HTTP.Types
import qualified Network.Wai
import qualified Web.HttpApiData

import Test.Schemas.Inline

import Test.Response

data ListPackages4Response
    = ListPackages4Response200 [ Inline ]
    deriving (Show)

instance ToResponse ListPackages4Response where
    toResponse (ListPackages4Response200 x) =
        Network.Wai.responseBuilder Network.HTTP.Types.status200 ([(Network.HTTP.Types.hContentType, "application/json")]) (Data.Aeson.fromEncoding (Data.Aeson.toEncoding x))

instance GHC.Records.HasField "status" ListPackages4Response Network.HTTP.Types.Status where
    getField (ListPackages4Response200 {}) = Network.HTTP.Types.status200
---------------------
Test/Response/ListPackages5.hs

{-# LANGUAGE BangPatterns #-}
{-# LANGUAGE DataKinds #-}
{-# LANGUAGE DuplicateRecordFields #-}
{-# LANGUAGE OverloadedStrings #-}
{-# LANGUAGE ScopedTypeVariables #-}
{-# LANGUAGE RankNTypes #-}
{-# LANGUAGE RecordWildCards #-}
module Test.Response.ListPackages5 where

import qualified Control.Applicative
import qualified Control.Exception
import qualified Control.Monad
import qualified Control.Monad.IO.Class
import qualified Data.Aeson
import qualified Data.Aeson.Encoding
import qualified Data.Aeson.Types
import qualified Data.Attoparsec.ByteString
import qualified Data.ByteString
import qualified Data.List
import qualified Data.List.NonEmpty
import qualified Data.Map
import qualified Data.Maybe
import qualified Data.Text
import qualified Data.Time
import qualified Data.Text.Encoding
import qualified GHC.Float
import qualified GHC.Int
import qualified GHC.Records
import qualified GHC.Types
import qualified Network.HTTP.Types
import qualified Network.Wai
import qualified Web.HttpApiData

import Test.Schemas.Inline

import Test.Response

data ListPackages5Response
    = ListPackages5Response200 [ Inline ]
    deriving (Show)

instance ToResponse ListPackages5Response where
    toResponse (ListPackages5Response200 x) =
        Network.Wai.responseBuilder Network.HTTP.Types.status200 ([(Network.HTTP.Types.hContentType, "application/json")]) (Data.Aeson.fromEncoding (Data.Aeson.toEncoding x))

instance GHC.Records.HasField "status" ListPackages5Response Network.HTTP.Types.Status where
    getField (ListPackages5Response200 {}) = Network.HTTP.Types.status200
---------------------
Test/Schemas/Inline.hs

{-# LANGUAGE BangPatterns #-}
{-# LANGUAGE DataKinds #-}
{-# LANGUAGE DuplicateRecordFields #-}
{-# LANGUAGE OverloadedStrings #-}
{-# LANGUAGE ScopedTypeVariables #-}
{-# LANGUAGE RankNTypes #-}
{-# LANGUAGE RecordWildCards #-}
module Test.Schemas.Inline where

import qualified Control.Applicative
import qualified Control.Exception
import qualified Control.Monad
import qualified Control.Monad.IO.Class
import qualified Data.Aeson
import qualified Data.Aeson.Encoding
import qualified Data.Aeson.Types
import qualified Data.Attoparsec.ByteString
import qualified Data.ByteString
import qualified Data.List
import qualified Data.List.NonEmpty
import qualified Data.Map
import qualified Data.Maybe
import qualified Data.Text
import qualified Data.Time
import qualified Data.Text.Encoding
import qualified GHC.Float
import qualified GHC.Int
import qualified GHC.Records
import qualified GHC.Types
import qualified Network.HTTP.Types
import qualified Network.Wai
import qualified Web.HttpApiData





newtype InlineElem = InlineElem
    {
        name :: (Data.Maybe.Maybe (Data.Text.Text))
    }
    deriving (Show)

instance Data.Aeson.ToJSON InlineElem where
    toJSON InlineElem {..} = Data.Aeson.object
        ([
        ]
        ++ [ "name" Data.Aeson..= name | Just name <- [name] ])

    toEncoding InlineElem {..} = Data.Aeson.Encoding.pairs
        ( maybe mempty (Data.Aeson.Encoding.pair "name" . Data.Aeson.toEncoding) name
        )

instance Data.Aeson.FromJSON InlineElem where
    parseJSON = Data.Aeson.withObject "InlineElem" $ \o ->
        InlineElem
            <$> o Data.Aeson..:? "name"

type Inline = [ InlineElem ]
---------------------
Test/Schemas/Package.hs

{-# LANGUAGE BangPatterns #-}
{-# LANGUAGE DataKinds #-}
{-# LANGUAGE DuplicateRecordFields #-}
{-# LANGUAGE OverloadedStrings #-}
{-# LANGUAGE ScopedTypeVariables #-}
{-# LANGUAGE RankNTypes #-}
{-# LANGUAGE RecordWildCards #-}
module Test.Schemas.Package where

import qualified Control.Applicative
import qualified Control.Exception
import qualified Control.Monad
import qualified Control.Monad.IO.Class
import qualified Data.Aeson
import qualified Data.Aeson.Encoding
import qualified Data.Aeson.Types
import qualified Data.Attoparsec.ByteString
import qualified Data.ByteString
import qualified Data.List
import qualified Data.List.NonEmpty
import qualified Data.Map
import qualified Data.Maybe
import qualified Data.Text
import qualified Data.Time
import qualified Data.Text.Encoding
import qualified GHC.Float
import qualified GHC.Int
import qualified GHC.Records
import qualified GHC.Types
import qualified Network.HTTP.Types
import qualified Network.Wai
import qualified Web.HttpApiData





newtype Package = Package
    {
        name :: (Data.Maybe.Maybe (Data.Text.Text))
    }
    deriving (Show)

instance Data.Aeson.ToJSON Package where
    toJSON Package {..} = Data.Aeson.object
        ([
        ]
        ++ [ "name" Data.Aeson..= name | Just name <- [name] ])

    toEncoding Package {..} = Data.Aeson.Encoding.pairs
        ( maybe mempty (Data.Aeson.Encoding.pair "name" . Data.Aeson.toEncoding) name
        )

instance Data.Aeson.FromJSON Package where
    parseJSON = Data.Aeson.withObject "Package" $ \o ->
        Package
            <$> o Data.Aeson..:? "name"
---------------------
Test/Schemas/Packages.hs

{-# LANGUAGE BangPatterns #-}
{-# LANGUAGE DataKinds #-}
{-# LANGUAGE DuplicateRecordFields #-}
{-# LANGUAGE OverloadedStrings #-}
{-# LANGUAGE ScopedTypeVariables #-}
{-# LANGUAGE RankNTypes #-}
{-# LANGUAGE RecordWildCards #-}
module Test.Schemas.Packages where

import qualified Control.Applicative
import qualified Control.Exception
import qualified Control.Monad
import qualified Control.Monad.IO.Class
import qualified Data.Aeson
import qualified Data.Aeson.Encoding
import qualified Data.Aeson.Types
import qualified Data.Attoparsec.ByteString
import qualified Data.ByteString
import qualified Data.List
import qualified Data.List.NonEmpty
import qualified Data.Map
import qualified Data.Maybe
import qualified Data.Text
import qualified Data.Time
import qualified Data.Text.Encoding
import qualified GHC.Float
import qualified GHC.Int
import qualified GHC.Records
import qualified GHC.Types
import qualified Network.HTTP.Types
import qualified Network.Wai
import qualified Web.HttpApiData



import Test.Schemas.Package

type Packages = [ Package ]
---------------------
test.cabal

cabal-version: 3.0
name: test
version: 0.1.0.0
library
  build-depends:
    , aeson
    , attoparsec
    , base
    , bytestring
    , containers
    , ghc-prim
    , http-api-data
    , http-media
    , http-types
    , text
    , time
    , unordered-containers
    , wai
  exposed-modules:
    Test.Api
    Test.Request
    Test.Response
    Test.Response.ListPackages
    Test.Response.ListPackages2
    Test.Response.ListPackages3
    Test.Response.ListPackages4
    Test.Response.ListPackages5
    Test.Schemas.Inline
    Test.Schemas.Package
    Test.Schemas.Packages