openapi: "3.0.0"
info:
  version: 1.0.0
  title: Scarf
  license:
    name: AllRightsReserved
servers:
  - url: https://scarf.sh/api/v1
paths:
  /packages:
    get:
      summary: List all packages
      operationId: listPackages
      tags:
        - packages
      responses:
        '200':
          description: An array of packages
          content:
            application/json:
              schema:
                $ref: "#/components/schemas/PetOrPackage"
  /packages2:
    get:
      summary: List all packages
      operationId: listPackages2
      tags:
        - packages
      responses:
        '200':
          description: An array of Inlines
          content:
            application/json:
              schema:
                $ref: "#/components/schemas/Inline"
  /packages3:
    get:
      summary: List all packages
      operationId: listPackages3
      tags:
        - packages
      responses:
        '200':
          description: An array of Inlines
          content:
            application/json:
              schema:
                $ref: "#/components/schemas/Inline2"
components:
  schemas:
    Package: 
      properties:
        enum_field_name:
          type: string
          enum: [Name1, Name2, Name3]
        one_of_field_name:
          oneOf:
            - type: string
            - type: array
              items:
                type: string
        type:
          type: string
    Pet: 
      properties:
        type: 
          type: string
    PetOrPackage:
      oneOf: 
        - $ref: "#/components/schemas/Pet"
        - $ref: "#/components/schemas/Package"
      discriminator:
        propertyName: type
        mapping:
          pet: "#/components/schemas/Pet"
          package: "#/components/schemas/Package"
    Packages:
      oneOf:
        - $ref: "#/components/schemas/Package"
        - $ref: "#/components/schemas/Package"
    Inline:
      properties:
        value: 
          oneOf: 
            - type: integer
            - type: string
            - $ref: "#/components/schemas/Package"
    Inline2:
      properties:
        value: 
          oneOf: 
            - type: integer
            - type: string
            - oneOf:
                - type: number
                - $ref: "#/components/schemas/Package"
